fo:llm:v1
data_hash: 67dfd43cc648
generated_at: 2026-04-26T21:17:14Z

81 ✗ 40 ⚠

  ✗ cmd/main.go:393:15 gosec — G304: Potential file inclusion via variable
  ✗ fo/console.go:1919:12 gosec — G301: Expect directory permissions to be 0750 or less
  ✗ fo/console.go:1962:12 gosec — G306: Expect WriteFile permissions to be 0600 or less
  ✗ fo/editor.go:52:9 gosec — G204: Subprocess launched with a potential tainted input or cmd arguments
  ✗ fo/spinner.go:172:12 errcheck — Error return value of `fmt.Fprint` is not checked
  ✗ fo/spinner.go:176:14 errcheck — Error return value of `fmt.Fprintf` is not checked
  ✗ fo/spinner.go:178:14 errcheck — Error return value of `fmt.Fprintf` is not checked
  ✗ fo/spinner.go:183:12 errcheck — Error return value of `fmt.Fprint` is not checked
  ✗ fo/testrender.go:444:20 gosec — G304: Potential file inclusion via variable
  ✗ pkg/sarif/orchestrator.go:77:12 gosec — G301: Expect directory permissions to be 0750 or less
  ✗ pkg/sarif/orchestrator.go:189:15 errcheck — Error return value of `fmt.Fprintf` is not checked
  ✗ pkg/sarif/orchestrator.go:208:13 errcheck — Error return value of `fmt.Fprint` is not checked
  ✗ fo/content.go:70:8 goconst — string `↑` has 3 occurrences, make it a constant
  ✗ fo/content.go:72:8 goconst — string `↓` has 3 occurrences, make it a constant
  ✗ fo/testrender.go:328:2 prealloc — Consider pre-allocating `lines`
  ✗ pkg/design/complexity_dashboard.go:192:15 goconst — string `↓` has 3 occurrences, make it a constant
  ✗ pkg/design/complexity_dashboard.go:194:16 goconst — string `↑` has 3 occurrences, make it a constant
  ✗ pkg/design/taskview.go:135:2 prealloc — Consider pre-allocating `lines`
  ✗ pkg/sarif/reader.go:16:15 errcheck — Error return value of `f.Close` is not checked
  ⚠ fo/content.go:1:1 revive — package-comments: package comment should be of the form "Package fo ..."
  ⚠ fo/magetasks.go:1:1 revive — package-comments: package comment should be of the form "Package fo ..."
  ⚠ fo/projectconfig.go:1:1 revive — package-comments: package comment should be of the form "Package fo ..."
  ⚠ cmd/main.go:1:1 revive — package-comments: should have a package comment
  ⚠ pkg/design/config.go:1:1 revive — package-comments: package comment should be of the form "Package design ..."
  ⚠ pkg/design/render.go:1:1 revive — package-comments: package comment should be of the form "Package design ..."
  ✗ fo/console.go:1178:1 gocyclo — cyclomatic complexity 46 of func `(*Console).runContext` is high (> 30)
  ✗ fo/spinner.go:42:2 prealloc — Consider pre-allocating `frames`
  ✗ fo/testrender.go:345:17 goconst — string `Error` has 3 occurrences, make it a constant
  ✗ fo/testrender.go:349:17 goconst — string `Success` has 3 occurrences, make it a constant
  ✗ fo/testrender.go:361:20 goconst — string `Muted` has 5 occurrences, make it a constant
  ✗ fo/testrender.go:523:1 gocyclo — cyclomatic complexity 32 of func `humanizePart` is high (> 30)
  ✗ pkg/adapter/stream.go:159:8 goconst — string `fail` has 3 occurrences, make it a constant
  ✗ pkg/adapter/stream.go:169:8 goconst — string `skip` has 3 occurrences, make it a constant
  ✗ pkg/design/complexity_dashboard.go:191:7 goconst — string `improving` has 3 occurrences, make it a constant
  ✗ pkg/design/complexity_dashboard.go:197:7 goconst — string `degrading` has 3 occurrences, make it a constant
  ✗ pkg/design/config.go:428:29 goconst — string `▮` has 3 occurrences, make it a constant
  ✗ pkg/design/config.go:429:28 goconst — string `▯` has 3 occurrences, make it a constant
  ✗ pkg/design/config.go:432:25 goconst — string `○` has 3 occurrences, make it a constant
  ✗ pkg/design/config.go:448:22 goconst — string `balanced` has 3 occurrences, but such constant `DensityBalanced` already exists
  ✗ pkg/design/housekeeping.go:41:18 goconst — string `pass` has 8 occurrences, make it a constant
  ✗ pkg/design/housekeeping.go:52:18 goconst — string `warn` has 4 occurrences, make it a constant
  ✗ pkg/design/housekeeping.go:63:18 goconst — string `fail` has 6 occurrences, make it a constant
  ✗ pkg/design/quality_report.go:153:21 goconst — string `error` has 6 occurrences, but such constant `TypeError` already exists
  ✗ pkg/design/render.go:169:7 goconst — string `╭` has 3 occurrences, make it a constant
  ✗ pkg/design/render.go:170:14 goconst — string `╮` has 3 occurrences, make it a constant
  ✗ pkg/design/render.go:179:7 goconst — string `╰` has 3 occurrences, make it a constant
  ✗ pkg/design/render.go:180:17 goconst — string `╯` has 3 occurrences, make it a constant
  ✗ pkg/design/render.go:200:20 goconst — string `orca` has 3 occurrences, make it a constant
  ✗ pkg/design/render.go:586:1 gocyclo — cyclomatic complexity 33 of func `(*Task).RenderOutputLine` is high (> 30)
  ✗ pkg/design/render.go:664:23 goconst — string `Detail` has 3 occurrences, make it a constant
  ✗ pkg/design/render.go:885:1 gocyclo — cyclomatic complexity 35 of func `RenderDirectMessage` is high (> 30)
  ✗ pkg/design/render.go:946:17 goconst — string `Process` has 3 occurrences, but such constant `ColorKeyProcess` already exists
  ✗ pkg/design/taskview.go:150:7 goconst — string `success` has 5 occurrences, but such constant `TypeSuccess` already exists
  ✗ pkg/design/taskview.go:154:7 goconst — string `warning` has 5 occurrences, but such constant `TypeWarning` already exists
  ✗ pkg/design/taskview.go:197:7 goconst — string `info` has 3 occurrences, but such constant `TypeInfo` already exists
  ✗ pkg/design/theme.go:97:14 goconst — string `│` has 3 occurrences, make it a constant
  ✗ pkg/design/theme.go:301:19 goconst — string `✓` has 4 occurrences, but such constant `testSuccessIcon` already exists
  ✗ pkg/design/theme.go:304:19 goconst — string `⚠` has 6 occurrences, but such constant `IconCharWarning` already exists
  ✗ pkg/design/theme.go:307:17 goconst — string `✗` has 6 occurrences, but such constant `IconCharError` already exists
  ✗ pkg/design/theme.go:310:16 goconst — string `ℹ` has 3 occurrences, make it a constant
  ✗ pkg/design/theme.go:313:18 goconst — string `•` has 5 occurrences, make it a constant
  ✗ pkg/sarif/mapper.go:225:2 staticcheck — QF1003: could use tagged switch on pc.Detail
  ✗ pkg/sarif/mapper.go:249:9 goconst — string `error` has 4 occurrences, make it a constant
  ✗ pkg/sarif/mapper.go:251:9 goconst — string `warning` has 3 occurrences, make it a constant
  ✗ pkg/sarif/orchestrator.go:157:21 errorlint — type assertion on error will fail on wrapped errors. Use errors.As to check for specific errors
  ✗ pkg/sarif/orchestrator.go:224:2 unused — field spinners is unused
  ✗ cmd/main_test.go:170:9 gosec — G204: Subprocess launched with a potential tainted input or cmd arguments
  ✗ cmd/main_test.go:282:9 gosec — G204: Subprocess launched with a potential tainted input or cmd arguments
  ✗ fo/processor_test.go:72:2 testifylint — len: use assert.Len
  ✗ fo/processor_test.go:113:2 testifylint — empty: use assert.Empty
  ✗ fo/processor_test.go:152:2 testifylint — len: use assert.Len
  ✗ fo/processor_test.go:173:2 testifylint — len: use assert.Len
  ✗ fo/processor_test.go:196:2 testifylint — empty: use assert.Empty
  ✗ fo/processor_test.go:256:2 testifylint — empty: use assert.Empty
  ✗ fo/profile_test.go:50:15 gosec — G304: Potential file inclusion via variable
  ✗ internal/config/config_test.go:67:8 gosec — G306: Expect WriteFile permissions to be 0600 or less
  ✗ internal/config/config_test.go:101:8 gosec — G306: Expect WriteFile permissions to be 0600 or less
  ✗ internal/config/config_test.go:124:8 gosec — G301: Expect directory permissions to be 0750 or less
  ⚠ cmd/main.go:228:46 revive — unused-parameter: parameter 'fileAppConfig' seems to be unused, consider removing or renaming it as _
  ⚠ fo/console.go:51:6 revive — exported: exported type ConsoleConfig should have comment or be unexported
  ⚠ fo/console.go:80:6 revive — exported: exported type TaskResult should have comment or be unexported
  ⚠ fo/console.go:133:6 revive — exported: exported type Console should have comment or be unexported
  ⚠ fo/console.go:145:1 revive — exported: exported function DefaultConsole should have comment or be unexported
  ⚠ fo/console.go:149:1 revive — exported: exported function NewConsole should have comment or be unexported
  ⚠ internal/version/version.go:1:1 revive — package-comments: should have a package comment
  ⚠ pkg/design/complexity_dashboard.go:222:39 revive — unused-parameter: parameter 'unit' seems to be unused, consider removing or renaming it as _
  ⚠ pkg/design/config.go:25:2 revive — exported: exported const BorderLeftOnly should have comment (or a comment on this block) or be unexported
  ⚠ pkg/design/config.go:95:1 revive — exported: comment on exported const DefaultSpinnerChars should be of the form "DefaultSpinnerChars ..."
  ⚠ pkg/design/config.go:130:1 revive — exported: comment on exported const MessageTypeHeader should be of the form "MessageTypeHeader ..."
  ⚠ pkg/design/config.go:133:1 revive — exported: comment on exported const ANSIBrightWhite should be of the form "ANSIBrightWhite ..."
  ⚠ pkg/design/config.go:167:6 revive — exported: type name will be used as design.DesignTokens by other packages, and that stutters; consider calling this Tokens
  ⚠ pkg/design/config.go:343:6 revive — exported: exported type PatternsRepo should have comment or be unexported
  ⚠ pkg/design/config.go:348:1 revive — exported: exported function DefaultConfig should have comment or be unexported
  ⚠ pkg/design/config.go:352:1 revive — exported: exported function NoColorConfig should have comment or be unexported
  ⚠ pkg/design/config.go:359:1 revive — exported: exported function ASCIIMinimalTheme should have comment or be unexported
  ⚠ pkg/design/config.go:440:1 revive — exported: exported function UnicodeVibrantTheme should have comment or be unexported
  ⚠ pkg/design/config.go:539:1 revive — exported: exported function OrcaTheme should have comment or be unexported
  ⚠ pkg/design/config.go:703:1 revive — exported: exported method Config.GetElementStyle should have comment or be unexported
  ⚠ pkg/design/config.go:710:1 revive — exported: exported method Config.GetIndentation should have comment or be unexported
  ⚠ pkg/design/config.go:721:1 revive — exported: exported method Config.GetIcon should have comment or be unexported
  ⚠ pkg/design/config.go:758:1 revive — exported: exported method Config.GetColor should have comment or be unexported
  ⚠ pkg/design/config.go:958:1 revive — exported: exported method Config.ResetColor should have comment or be unexported
  ⚠ pkg/design/config.go:1172:1 revive — exported: exported function ApplyMonochromeDefaults should have comment or be unexported
  ⚠ pkg/design/render.go:359:10 revive — indent-error-flow: if block ends with a return statement, so drop this else and outdent its block
  ⚠ pkg/design/render.go:709:1 revive — exported: exported method Task.RenderSummary should have comment or be unexported
  ⚠ pkg/design/system.go:91:2 revive — exported: exported const LoadLow should have comment (or a comment on this block) or be unexported
  ⚠ pkg/design/theme.go:204:1 revive — exported: comment on exported function OrcaTheme2 should be of the form "OrcaTheme2 ..."
  ✗ fo/processor_test.go:51:2 testifylint — empty: use assert.NotEmpty
  ✗ fo/processor_test.go:97:2 testifylint — empty: use assert.NotEmpty
  ✗ fo/profile_test.go:52:18 errcheck — Error return value of `f.Close` is not checked
  ⚠ internal/config/config.go:1:1 revive — package-comments: package comment should be of the form "Package config ..."
  ⚠ internal/magetasks/console.go:91:1 revive — exported: comment on exported type SectionStatus should be of the form "SectionStatus ..." (with optional leading article)
  ✗ fo/console_test.go:14:29 goconst — string `on-fail` has 3 occurrences, make it a constant
  ✗ fo/profile_test.go:71:5 testifylint — negative-positive: use assert.Positive
  ✗ fo/section_render_test.go:275:2 testifylint — error-nil: use assert.NoError
  ✗ fo/section_render_test.go:317:2 testifylint — error-nil: use assert.Error
  ✗ pkg/adapter/housekeeping_test.go:133:19 goconst — string `HOUSEKEEPING` has 3 occurrences, make it a constant
  ✗ pkg/adapter/housekeeping_test.go:173:20 goconst — string `pass` has 6 occurrences, make it a constant
  ⚠ fo/processor_test.go:333:39 revive — unused-parameter: parameter 'output' seems to be unused, consider removing or renaming it as _
  ⚠ fo/processor_test.go:345:31 revive — unused-parameter: parameter 'cfg' seems to be unused, consider removing or renaming it as _
  ⚠ pkg/design/theme_test.go:60:32 revive — unused-parameter: parameter 't' seems to be unused, consider removing or renaming it as _
