x  F-cff  search → embedder                                                  pkg/search/search.go:0
  fix: go-arch-lint check --arch-file .go-arch-lint.yml
x  F-068  agentSupervisor → github.com/example/project/internal/agent/shell  internal/agent/supervisor/supervisor.go:0
  fix: go-arch-lint check --arch-file .go-arch-lint.yml
x  F-322  store → internal/svc                                               internal/store/store.go:0
  fix: go-arch-lint check --arch-file .go-arch-lint.yml
