fo:llm:v1
data_hash: d1a567cdf9a1
generated_at: 2026-04-26T21:17:15Z

3 ✗ 0 ⚠

  ✗ pkg/search/search.go dependency-violation — search → embedder
    ```bash
    go-arch-lint check --arch-file .go-arch-lint.yml
    ```
  ✗ internal/agent/supervisor/supervisor.go dependency-violation — agentSupervisor → github.com/example/project/internal/agent/shell
    ```bash
    go-arch-lint check --arch-file .go-arch-lint.yml
    ```
  ✗ internal/store/store.go dependency-violation — store → internal/svc
    ```bash
    go-arch-lint check --arch-file .go-arch-lint.yml
    ```
