fo wrap: convert tool output to SARIF or tally

  archlint     Convert go-arch-lint JSON to SARIF
  archlint-text Convert go-arch-lint plain-text output to SARIF
  diag         Convert line diagnostics (file:line:col: msg) to SARIF
  jscpd        Convert jscpd JSON duplication report to SARIF
  leaderboard  Convert '<count> <label>' tally to fo's tally format

  diag flags:
    --tool <name>     Tool name for SARIF driver.name (required)
    --rule <id>       Default rule ID (default: finding)
    --level <sev>     Default severity: error|warning|note (default: warning)
    --version <ver>   Tool version string
