fo — focused build output renderer

USAGE
  <input-command> | fo [FLAGS]
  <tool-output>   | fo wrap <name> [FLAGS]

INPUT FORMATS (auto-detected from stdin)
  SARIF 2.1.0     Static analysis results (golangci-lint, gosec, etc.)
  go test -json   Test execution stream
  tally           Count→label distribution (# fo:tally header) → leaderboard
  status          PASS/FAIL/WARN/SKIP rows (# fo:status header) → table
  metrics         Keyed numeric values (# fo:metrics header) → list with deltas

OUTPUT FORMATS (--format)
  auto            TTY → human, piped → llm (default)
  human           Tufte-Swiss styled terminal output
  llm             Token-dense plain text, no ANSI
  json            Machine-parseable Report JSON

FLAGS
  --format <mode>     auto | human | llm | json (default: auto)
  --theme <name>      color | mono (default: auto — color on TTY, mono otherwise)
  --state-file <path> Sidecar state file (default: .fo/last-run.json)
  --no-state          Skip diff classification and sidecar I/O
  --state-strict      Exit non-zero (2) if sidecar Save fails
  --stream            Stream go test -json incrementally (avoids 256 MiB
                      input cap; enabled automatically on TTY+auto)
  --as <kind>         Hint format when stdin lacks a fo header
                      (tally|status|metrics|diag)

SUBCOMMANDS
  fo wrap <name>     Convert tool output to SARIF
  fo wrap list       List wrappers (--json for machine output)
  fo wrap --help     Show available wrappers
  fo --version       Print build version and exit
  fo --print-schema  Print JSON Schema for Report (--format json output) and exit

EXAMPLES
  # Static analysis (SARIF) — golangci-lint v2
  golangci-lint run --output.sarif.path=stdout ./... | fo

  # Test stream
  go test -json ./... | fo

  # Streaming for large CI runs (bypasses 256 MiB cap)
  go test -json ./... | fo --stream

  # Raw line diagnostics → SARIF → fo
  go vet ./... 2>&1 | fo wrap diag --tool govet | fo

  # Count→label tally → leaderboard
  sort | uniq -c | sort -rn | fo wrap leaderboard --tool kg-types | fo

  # Force a format regardless of TTY
  go test -json ./... | fo --format llm
  go test -json ./... | fo --format json

  # Reset diff classification baseline
  fo state reset

EXIT CODES
  0   Clean — no errors or test failures
  1   Failures — lint errors or test failures present
  2   Usage error — bad flags, unrecognized input, stdin problems
