goconst      ############----------------------------  117.75
revive       #########-------------------------------    90.5
gosec        #######---------------------------------      63
errcheck     ######----------------------------------    61.5
testifylint  ##--------------------------------------   15.75
prealloc     ##--------------------------------------      15
gocyclo      #---------------------------------------      12
staticcheck  ----------------------------------------       3
errorlint    ----------------------------------------       3
unused       ----------------------------------------       3
