ineffassign  #########-------------------------------    3
gosimple     ######----------------------------------    2
govet        ######----------------------------------    2
staticcheck  ######----------------------------------    2
errcheck     ####------------------------------------  1.5
errcheck     ####------------------------------------  1.5
unused       ####------------------------------------  1.5
